src/app/api/clients/[id]/predicted-progress/route.ts(45,21): error TS7006: Parameter 's' implicitly has an 'any' type.
src/app/api/clients/[id]/predicted-progress/route.ts(45,26): error TS7031: Binding element 'eq' implicitly has an 'any' type.
src/app/api/clients/[id]/predicted-progress/route.ts(46,23): error TS7006: Parameter 's' implicitly has an 'any' type.
src/app/api/clients/[id]/predicted-progress/route.ts(46,28): error TS7031: Binding element 'asc' implicitly has an 'any' type.
src/app/api/clients/[id]/predicted-progress/route.ts(52,40): error TS7006: Parameter 'c' implicitly has an 'any' type.
src/app/api/clients/[id]/stats/route.ts(24,10): error TS7006: Parameter 'sum' implicitly has an 'any' type.
src/app/api/clients/[id]/stats/route.ts(24,15): error TS7006: Parameter 's' implicitly has an 'any' type.
src/app/api/clients/route.ts(30,40): error TS7006: Parameter 'c' implicitly has an 'any' type.
src/app/api/clients/route.ts(80,10): error TS2769: No overload matches this call.
  Overload 1 of 2, '(value: { name: string | SQL<unknown> | Placeholder<string, any>; tenantId: string | SQL<unknown> | Placeholder<string, any>; id?: string | SQL<unknown> | Placeholder<string, any> | undefined; ... 15 more ...; defaultFeeSchemeId?: string | ... 3 more ... | undefined; }): PgInsertBase<...>', gave the following error.
    Argument of type '{ name: any; email: any; phone: any; defaultFee: any; defaultFeeSchemeId: any; timezone: any; }' is not assignable to parameter of type '{ name: string | SQL<unknown> | Placeholder<string, any>; tenantId: string | SQL<unknown> | Placeholder<string, any>; id?: string | SQL<unknown> | Placeholder<string, any> | undefined; ... 15 more ...; defaultFeeSchemeId?: string | ... 3 more ... | undefined; }'.
      Property 'tenantId' is missing in type '{ name: any; email: any; phone: any; defaultFee: any; defaultFeeSchemeId: any; timezone: any; }' but required in type '{ name: string | SQL<unknown> | Placeholder<string, any>; tenantId: string | SQL<unknown> | Placeholder<string, any>; id?: string | SQL<unknown> | Placeholder<string, any> | undefined; ... 15 more ...; defaultFeeSchemeId?: string | ... 3 more ... | undefined; }'.
  Overload 2 of 2, '(values: { name: string | SQL<unknown> | Placeholder<string, any>; tenantId: string | SQL<unknown> | Placeholder<string, any>; id?: string | SQL<unknown> | Placeholder<string, any> | undefined; ... 15 more ...; defaultFeeSchemeId?: string | ... 3 more ... | undefined; }[]): PgInsertBase<...>', gave the following error.
    Object literal may only specify known properties, and 'name' does not exist in type '{ name: string | SQL<unknown> | Placeholder<string, any>; tenantId: string | SQL<unknown> | Placeholder<string, any>; id?: string | SQL<unknown> | Placeholder<string, any> | undefined; ... 15 more ...; defaultFeeSchemeId?: string | ... 3 more ... | undefined; }[]'.
src/app/api/dashboard/route.ts(37,19): error TS7006: Parameter 'sessions' implicitly has an 'any' type.
src/app/api/dashboard/route.ts(37,31): error TS7031: Binding element 'desc' implicitly has an 'any' type.
src/app/api/dashboard/route.ts(55,28): error TS7006: Parameter 's' implicitly has an 'any' type.
src/app/api/invoices/[id]/receipt/route.ts(70,10): error TS2769: No overload matches this call.
  Overload 1 of 2, '(value: { tenantId: string | SQL<unknown> | Placeholder<string, any>; amount: string | SQL<unknown> | Placeholder<string, any>; clientId: string | SQL<unknown> | Placeholder<...>; ... 8 more ...; referenceId?: string | ... 3 more ... | undefined; }): PgInsertBase<...>', gave the following error.
    Argument of type '{ receiptNumber: string; clientId: any; amount: string; currency: any; paymentDate: any; method: any; referenceId: any; notes: any; }' is not assignable to parameter of type '{ tenantId: string | SQL<unknown> | Placeholder<string, any>; amount: string | SQL<unknown> | Placeholder<string, any>; clientId: string | SQL<unknown> | Placeholder<...>; ... 8 more ...; referenceId?: string | ... 3 more ... | undefined; }'.
      Property 'tenantId' is missing in type '{ receiptNumber: string; clientId: any; amount: string; currency: any; paymentDate: any; method: any; referenceId: any; notes: any; }' but required in type '{ tenantId: string | SQL<unknown> | Placeholder<string, any>; amount: string | SQL<unknown> | Placeholder<string, any>; clientId: string | SQL<unknown> | Placeholder<...>; ... 8 more ...; referenceId?: string | ... 3 more ... | undefined; }'.
  Overload 2 of 2, '(values: { tenantId: string | SQL<unknown> | Placeholder<string, any>; amount: string | SQL<unknown> | Placeholder<string, any>; clientId: string | SQL<unknown> | Placeholder<...>; ... 8 more ...; referenceId?: string | ... 3 more ... | undefined; }[]): PgInsertBase<...>', gave the following error.
    Object literal may only specify known properties, and 'receiptNumber' does not exist in type '{ tenantId: string | SQL<unknown> | Placeholder<string, any>; amount: string | SQL<unknown> | Placeholder<string, any>; clientId: string | SQL<unknown> | Placeholder<...>; ... 8 more ...; referenceId?: string | ... 3 more ... | undefined; }[]'.
src/app/api/invoices/batch/route.ts(73,19): error TS7006: Parameter 's' implicitly has an 'any' type.
src/app/api/invoices/batch/route.ts(80,22): error TS7006: Parameter 'b' implicitly has an 'any' type.
src/app/api/invoices/batch/route.ts(87,14): error TS7006: Parameter 'a' implicitly has an 'any' type.
src/app/api/invoices/batch/route.ts(87,17): error TS7006: Parameter 'b' implicitly has an 'any' type.
src/app/api/invoices/batch/route.ts(120,45): error TS7006: Parameter 'sum' implicitly has an 'any' type.
src/app/api/invoices/batch/route.ts(120,50): error TS7006: Parameter 'b' implicitly has an 'any' type.
src/app/api/invoices/batch/route.ts(125,14): error TS2769: No overload matches this call.
  Overload 1 of 2, '(value: { tenantId: string | SQL<unknown> | Placeholder<string, any>; clientId: string | SQL<unknown> | Placeholder<string, any>; invoiceNumber: string | SQL<...> | Placeholder<...>; ... 16 more ...; notes?: string | ... 3 more ... | undefined; }): PgInsertBase<...>', gave the following error.
    Argument of type '{ clientId: any; invoiceNumber: string; billingMonth: any; issuedDate: string; dueDate: string; subtotal: any; total: any; currency: string; status: "draft"; }' is not assignable to parameter of type '{ tenantId: string | SQL<unknown> | Placeholder<string, any>; clientId: string | SQL<unknown> | Placeholder<string, any>; invoiceNumber: string | SQL<unknown> | Placeholder<...>; ... 16 more ...; notes?: string | ... 3 more ... | undefined; }'.
      Property 'tenantId' is missing in type '{ clientId: any; invoiceNumber: string; billingMonth: any; issuedDate: string; dueDate: string; subtotal: any; total: any; currency: string; status: "draft"; }' but required in type '{ tenantId: string | SQL<unknown> | Placeholder<string, any>; clientId: string | SQL<unknown> | Placeholder<string, any>; invoiceNumber: string | SQL<unknown> | Placeholder<...>; ... 16 more ...; notes?: string | ... 3 more ... | undefined; }'.
  Overload 2 of 2, '(values: { tenantId: string | SQL<unknown> | Placeholder<string, any>; clientId: string | SQL<unknown> | Placeholder<string, any>; invoiceNumber: string | SQL<...> | Placeholder<...>; ... 16 more ...; notes?: string | ... 3 more ... | undefined; }[]): PgInsertBase<...>', gave the following error.
    Object literal may only specify known properties, and 'clientId' does not exist in type '{ tenantId: string | SQL<unknown> | Placeholder<string, any>; clientId: string | SQL<unknown> | Placeholder<string, any>; invoiceNumber: string | SQL<unknown> | Placeholder<...>; ... 16 more ...; notes?: string | ... 3 more ... | undefined; }[]'.
src/app/api/invoices/route.ts(23,50): error TS7006: Parameter 'inv' implicitly has an 'any' type.
src/app/api/invoices/route.ts(32,47): error TS7006: Parameter 'item' implicitly has an 'any' type.
src/app/api/invoices/unbilled/route.ts(22,35): error TS2304: Cannot find name 'db'.
src/app/api/payments/route.ts(57,10): error TS2769: No overload matches this call.
  Overload 1 of 2, '(value: { tenantId: string | SQL<unknown> | Placeholder<string, any>; amount: string | SQL<unknown> | Placeholder<string, any>; clientId: string | SQL<unknown> | Placeholder<...>; ... 8 more ...; referenceId?: string | ... 3 more ... | undefined; }): PgInsertBase<...>', gave the following error.
    Argument of type '{ receiptNumber: string; clientId: any; amount: string; currency: any; paymentDate: any; method: any; referenceId: any; notes: any; }' is not assignable to parameter of type '{ tenantId: string | SQL<unknown> | Placeholder<string, any>; amount: string | SQL<unknown> | Placeholder<string, any>; clientId: string | SQL<unknown> | Placeholder<...>; ... 8 more ...; referenceId?: string | ... 3 more ... | undefined; }'.
      Property 'tenantId' is missing in type '{ receiptNumber: string; clientId: any; amount: string; currency: any; paymentDate: any; method: any; referenceId: any; notes: any; }' but required in type '{ tenantId: string | SQL<unknown> | Placeholder<string, any>; amount: string | SQL<unknown> | Placeholder<string, any>; clientId: string | SQL<unknown> | Placeholder<...>; ... 8 more ...; referenceId?: string | ... 3 more ... | undefined; }'.
  Overload 2 of 2, '(values: { tenantId: string | SQL<unknown> | Placeholder<string, any>; amount: string | SQL<unknown> | Placeholder<string, any>; clientId: string | SQL<unknown> | Placeholder<...>; ... 8 more ...; referenceId?: string | ... 3 more ... | undefined; }[]): PgInsertBase<...>', gave the following error.
    Object literal may only specify known properties, and 'receiptNumber' does not exist in type '{ tenantId: string | SQL<unknown> | Placeholder<string, any>; amount: string | SQL<unknown> | Placeholder<string, any>; clientId: string | SQL<unknown> | Placeholder<...>; ... 8 more ...; referenceId?: string | ... 3 more ... | undefined; }[]'.
src/app/api/receipts/[id]/route.ts(29,19): error TS7006: Parameter 'a' implicitly has an 'any' type.
src/app/api/reports/route.ts(38,21): error TS7006: Parameter 's' implicitly has an 'any' type.
src/app/api/reports/route.ts(38,26): error TS7031: Binding element 'eq' implicitly has an 'any' type.
src/app/api/reports/route.ts(39,23): error TS7006: Parameter 's' implicitly has an 'any' type.
src/app/api/reports/route.ts(39,28): error TS7031: Binding element 'asc' implicitly has an 'any' type.
src/app/api/reports/route.ts(49,19): error TS7006: Parameter 's' implicitly has an 'any' type.
src/app/api/reports/route.ts(49,24): error TS7031: Binding element 'desc' implicitly has an 'any' type.
src/app/api/reports/route.ts(63,45): error TS7006: Parameter 'c' implicitly has an 'any' type.
src/app/api/reports/route.ts(64,44): error TS7006: Parameter 's' implicitly has an 'any' type.
src/app/api/reports/route.ts(82,20): error TS7006: Parameter 's' implicitly has an 'any' type.
src/app/api/reports/route.ts(83,17): error TS7006: Parameter 's' implicitly has an 'any' type.
src/app/api/reports/route.ts(100,10): error TS7006: Parameter 'c' implicitly has an 'any' type.
src/app/api/reports/route.ts(108,20): error TS7006: Parameter 'c' implicitly has an 'any' type.
src/app/api/reports/route.ts(109,17): error TS7006: Parameter 'c' implicitly has an 'any' type.
src/app/api/reports/route.ts(111,53): error TS7006: Parameter 'c' implicitly has an 'any' type.
src/app/api/reports/route.ts(115,10): error TS7006: Parameter 'c' implicitly has an 'any' type.
src/app/api/reports/route.ts(150,10): error TS7006: Parameter 'c' implicitly has an 'any' type.
src/app/api/reports/route.ts(153,10): error TS7006: Parameter 'c' implicitly has an 'any' type.
src/app/api/reports/route.ts(156,10): error TS7006: Parameter 'c' implicitly has an 'any' type.
src/app/api/reports/route.ts(164,42): error TS7006: Parameter 'c' implicitly has an 'any' type.
src/app/api/reports/route.ts(167,28): error TS7006: Parameter 'a' implicitly has an 'any' type.
src/app/api/reports/route.ts(167,31): error TS7006: Parameter 'b' implicitly has an 'any' type.
src/app/api/reports/route.ts(172,10): error TS7006: Parameter 'c' implicitly has an 'any' type.
src/app/api/reports/route.ts(176,35): error TS7006: Parameter 's' implicitly has an 'any' type.
src/app/api/reports/route.ts(176,38): error TS7006: Parameter 'c' implicitly has an 'any' type.
src/app/api/reports/route.ts(181,35): error TS7006: Parameter 's' implicitly has an 'any' type.
src/app/api/reports/route.ts(181,38): error TS7006: Parameter 'c' implicitly has an 'any' type.
src/app/api/reports/route.ts(184,51): error TS7006: Parameter 'c' implicitly has an 'any' type.
src/app/api/sessions/[id]/note/route.ts(147,12): error TS2769: No overload matches this call.
  Overload 1 of 2, '(value: { tenantId: string | SQL<unknown> | Placeholder<string, any>; sessionId: string | SQL<unknown> | Placeholder<string, any>; id?: string | SQL<unknown> | Placeholder<...> | undefined; ... 28 more ...; completedAt?: SQL<...> | ... 3 more ... | undefined; }): PgInsertBase<...>', gave the following error.
    Argument of type '{ subjective: any; objective: any; assessment: any; plan: any; riskFlag: any; updates: any; clientActions: any; myActions: any; agenda: any; feedback: any; orsIndividual: any; orsInterpersonal: any; ... 11 more ...; sessionId: string; }' is not assignable to parameter of type '{ tenantId: string | SQL<unknown> | Placeholder<string, any>; sessionId: string | SQL<unknown> | Placeholder<string, any>; id?: string | SQL<unknown> | Placeholder<...> | undefined; ... 28 more ...; completedAt?: SQL<...> | ... 3 more ... | undefined; }'.
      Property 'tenantId' is missing in type '{ subjective: any; objective: any; assessment: any; plan: any; riskFlag: any; updates: any; clientActions: any; myActions: any; agenda: any; feedback: any; orsIndividual: any; orsInterpersonal: any; ... 11 more ...; sessionId: string; }' but required in type '{ tenantId: string | SQL<unknown> | Placeholder<string, any>; sessionId: string | SQL<unknown> | Placeholder<string, any>; id?: string | SQL<unknown> | Placeholder<...> | undefined; ... 28 more ...; completedAt?: SQL<...> | ... 3 more ... | undefined; }'.
  Overload 2 of 2, '(values: { tenantId: string | SQL<unknown> | Placeholder<string, any>; sessionId: string | SQL<unknown> | Placeholder<string, any>; id?: string | SQL<unknown> | Placeholder<...> | undefined; ... 28 more ...; completedAt?: SQL<...> | ... 3 more ... | undefined; }[]): PgInsertBase<...>', gave the following error.
    Object literal may only specify known properties, and 'sessionId' does not exist in type '{ tenantId: string | SQL<unknown> | Placeholder<string, any>; sessionId: string | SQL<unknown> | Placeholder<string, any>; id?: string | SQL<unknown> | Placeholder<...> | undefined; ... 28 more ...; completedAt?: SQL<...> | ... 3 more ... | undefined; }[]'.
src/app/api/sessions/route.ts(49,41): error TS7006: Parameter 's' implicitly has an 'any' type.
src/app/api/sessions/route.ts(51,46): error TS7006: Parameter 'h' implicitly has an 'any' type.
src/app/api/sessions/route.ts(60,12): error TS7006: Parameter 'h' implicitly has an 'any' type.
src/app/api/settings/route.ts(75,12): error TS2769: No overload matches this call.
  Overload 1 of 2, '(value: { tenantId: string | SQL<unknown> | Placeholder<string, any>; id?: string | SQL<unknown> | Placeholder<string, any> | undefined; email?: string | SQL<unknown> | Placeholder<...> | null | undefined; ... 15 more ...; emailOverride?: boolean | ... 2 more ... | undefined; }): PgInsertBase<...>', gave the following error.
    Argument of type '{ counselorName: any; practiceName: any; address: any; phone: any; email: any; monthlyQuote: any; upiId: any; orsCutoff: any; srsCutoff: any; orsDeteriorationThreshold: any; srsDeclineThreshold: any; ... 4 more ...; emailOverride: boolean; }' is not assignable to parameter of type '{ tenantId: string | SQL<unknown> | Placeholder<string, any>; id?: string | SQL<unknown> | Placeholder<string, any> | undefined; email?: string | SQL<unknown> | Placeholder<...> | null | undefined; ... 15 more ...; emailOverride?: boolean | ... 2 more ... | undefined; }'.
      Property 'tenantId' is missing in type '{ counselorName: any; practiceName: any; address: any; phone: any; email: any; monthlyQuote: any; upiId: any; orsCutoff: any; srsCutoff: any; orsDeteriorationThreshold: any; srsDeclineThreshold: any; ... 4 more ...; emailOverride: boolean; }' but required in type '{ tenantId: string | SQL<unknown> | Placeholder<string, any>; id?: string | SQL<unknown> | Placeholder<string, any> | undefined; email?: string | SQL<unknown> | Placeholder<...> | null | undefined; ... 15 more ...; emailOverride?: boolean | ... 2 more ... | undefined; }'.
  Overload 2 of 2, '(values: { tenantId: string | SQL<unknown> | Placeholder<string, any>; id?: string | SQL<unknown> | Placeholder<string, any> | undefined; email?: string | SQL<unknown> | Placeholder<...> | null | undefined; ... 15 more ...; emailOverride?: boolean | ... 2 more ... | undefined; }[]): PgInsertBase<...>', gave the following error.
    Object literal may only specify known properties, and 'counselorName' does not exist in type '{ tenantId: string | SQL<unknown> | Placeholder<string, any>; id?: string | SQL<unknown> | Placeholder<string, any> | undefined; email?: string | SQL<unknown> | Placeholder<...> | null | undefined; ... 15 more ...; emailOverride?: boolean | ... 2 more ... | undefined; }[]'.
src/lib/credit.ts(42,31): error TS2769: No overload matches this call.
  Overload 1 of 2, '(value: { tenantId: string | SQL<unknown> | Placeholder<string, any>; amount: string | SQL<unknown> | Placeholder<string, any>; clientId: string | SQL<unknown> | Placeholder<...>; ... 8 more ...; receiptId?: string | ... 3 more ... | undefined; }): PgInsertBase<...>', gave the following error.
    Argument of type '{ receiptId: string | null; clientId: string; invoiceId: string; amount: string; paymentDate: string; currency: string; method: "cash" | "upi" | "bank_transfer" | "card" | "online" | "other"; referenceId: string | null; notes: string; }' is not assignable to parameter of type '{ tenantId: string | SQL<unknown> | Placeholder<string, any>; amount: string | SQL<unknown> | Placeholder<string, any>; clientId: string | SQL<unknown> | Placeholder<...>; ... 8 more ...; receiptId?: string | ... 3 more ... | undefined; }'.
      Property 'tenantId' is missing in type '{ receiptId: string | null; clientId: string; invoiceId: string; amount: string; paymentDate: string; currency: string; method: "cash" | "upi" | "bank_transfer" | "card" | "online" | "other"; referenceId: string | null; notes: string; }' but required in type '{ tenantId: string | SQL<unknown> | Placeholder<string, any>; amount: string | SQL<unknown> | Placeholder<string, any>; clientId: string | SQL<unknown> | Placeholder<...>; ... 8 more ...; receiptId?: string | ... 3 more ... | undefined; }'.
  Overload 2 of 2, '(values: { tenantId: string | SQL<unknown> | Placeholder<string, any>; amount: string | SQL<unknown> | Placeholder<string, any>; clientId: string | SQL<unknown> | Placeholder<...>; ... 8 more ...; receiptId?: string | ... 3 more ... | undefined; }[]): PgInsertBase<...>', gave the following error.
    Object literal may only specify known properties, and 'receiptId' does not exist in type '{ tenantId: string | SQL<unknown> | Placeholder<string, any>; amount: string | SQL<unknown> | Placeholder<string, any>; clientId: string | SQL<unknown> | Placeholder<...>; ... 8 more ...; receiptId?: string | ... 3 more ... | undefined; }[]'.
